[www.mindvalley.com/index.html]
[backblue.gif]
[fade.gif]
[index.html]
[www.mindvalley.com/css/style.css]
[www.mindvalley.com/css/page.min.css]
[www.mindvalley.com/css/queries.css]
[www.mindvalley.com/imgs/favicon/apple-icon-57x57.png]
[www.mindvalley.com/imgs/favicon/apple-icon-60x60.png]
[www.mindvalley.com/imgs/favicon/apple-icon-72x72.png]
[www.mindvalley.com/imgs/favicon/apple-icon-76x76.png]
[www.mindvalley.com/imgs/favicon/apple-icon-114x114.png]
[www.mindvalley.com/imgs/favicon/apple-icon-120x120.png]
[www.mindvalley.com/imgs/favicon/apple-icon-144x144.png]
[www.mindvalley.com/imgs/favicon/apple-icon-152x152.png]
[www.mindvalley.com/imgs/favicon/apple-icon-180x180.png]
[www.mindvalley.com/imgs/favicon/android-icon-192x192.png]
[www.mindvalley.com/imgs/favicon/favicon-32x32.png]
[www.mindvalley.com/imgs/favicon/favicon-96x96.png]
[www.mindvalley.com/imgs/favicon/favicon-16x16.png]
[www.mindvalley.com/imgs/favicon/manifest.json]
[www.mindvalley.com/imgs/favicon/ms-icon-144x144.png]
[ajax.googleapis.com/ajax/libs/jquery/1.8.3/jquery.min.js]
[www.mindvalley.com/js/page.min.js]
[www.mindvalley.com/index-2.html]
[www.mindvalley.com/businesses.html]
[cdn.jsdelivr.net/particles.js/2.0.0/particles.min.js]
[www.mindvalley.com/contact.html]
[www.mindvalley.com/about.html]
[www.mindvalley.com/blog/index.html]
[www.mindvalley.com/imgs/slides/intro.mp4]
[www.mindvalley.com/imgs/slides/intro.webm]
[www.mindvalley.com/imgs/slides/intro.ogv]
[www.mindvalley.com/imgs/slides/pstr.jpg]
[www.mindvalley.com/culture.html]
[www.mindvalley.com/vishen.html]
[www.mindvalley.com/book.html]
[www.mindvalley.com/team.html]
[www.mindvalley.com/index.html]
[www.mindvalley.com/imgs/slides/culture.jpg]
[www.mindvalley.com/imgs/slides/Vishen_Blueshirt.jpg]
[www.mindvalley.com/imgs/slides/book_codex_insitu.jpg]
[www.mindvalley.com/imgs/slides/teeam.jpg]
[www.mindvalley.com/imgs/slides/mva-header-trekker.jpg]
[www.mindvalley.com/imgs/slides/Apps.jpg]
[www.mindvalley.com/imgs/slides/afest.jpg]
[www.mindvalley.com/imgs/slides/Planets.jpg]
[www.mindvalley.com/imgs/slides/Evercoach.jpg]
[www.mindvalley.com/imgs/slides/cs.jpg]
[www.mindvalley.com/imgs/slides/aff.jpg]
[www.mindvalley.com/imgs/misc/mv_preloader.svg]
[www.mindvalley.com/imgs/misc/mindvalley.svg]
[www.mindvalley.com/imgs/mindvalley.svg]
[www.mindvalley.com/imgs/misc/social_icons.svg]
[www.mindvalley.com/css/style.css]
[www.mindvalley.com/css/page.min.css]
[www.mindvalley.com/imgs/slides/mobile/mobile_intro.jpg]
[www.mindvalley.com/imgs/slides/mobile/mobile_culture.jpg]
[www.mindvalley.com/imgs/slides/mobile/mobile_vishen.jpg]
[www.mindvalley.com/imgs/slides/mobile/mobile_book.jpg]
[www.mindvalley.com/imgs/slides/mobile/mobile_mva.jpg]
[www.mindvalley.com/imgs/slides/mobile/mobile_team.jpg]
[www.mindvalley.com/imgs/slides/mobile/mobile_apps.jpg]
[www.mindvalley.com/imgs/slides/mobile/mobile_planets.jpg]
[www.mindvalley.com/imgs/slides/mobile/mobile_afest.jpg]
[www.mindvalley.com/imgs/slides/mobile/mobile_evercoach.jpg]
[www.mindvalley.com/imgs/slides/mobile/mobile_cs.jpg]
[www.mindvalley.com/css/queries.css]
[www.googletagmanager.com/gtm5445.html]
[www.mindvalley.com/index-2.html]
[www.mindvalley.com/mva.html]
[www.mindvalley.com/appsandplatforms.html]
[www.mindvalley.com/events.html]
[www.mindvalley.com/international.html]
[www.mindvalley.com/businesses.html]
[www.mindvalley.com/imgs/slides/mobile/mobile_aff.jpg]
[www.mindvalley.com/blog/wp-content/uploads/2015/09/favicon.ico]
[www.mindvalley.com/blog/xmlrpc.45.delayed]
[ajax.googleapis.com/ajax/libs/webfont/1.5.3/webfont.js]
[www.mindvalley.com/blog/wp-content/plugins/digg-digg/css/diggdigg-style48f5.css]
[www.mindvalley.com/blog/feed/index.html]
[www.mindvalley.com/blog/wp-content/plugins/instagram-feed/css/sb-instagram.min370e.css]
[www.mindvalley.com/blog/comments/feed/index.html]
[www.mindvalley.com/blog/home/feed/index.html]
[maxcdn.bootstrapcdn.com/font-awesome/4.2.0/css/font-awesome.minae82.css]
[www.mindvalley.com/blog/wp-content/plugins/woodojo/bundled/woodojo-social-widgets/assets/css/stylefe9d.css]
[www.mindvalley.com/blog/wp-content/themes/presso/framework/flexslider/flexslider-custom4c56.css]
[www.mindvalley.com/blog/index2cf0.html]
[www.mindvalley.com/blog/wp-content/themes/presso/framework/font-icons/social-icons/css/zocial4c56.css]
[www.mindvalley.com/blog/wp-content/themes/presso/framework/font-icons/entypo/css/entypo4c56.css]
[www.mindvalley.com/blog/wp-content/themes/presso/framework/font-icons/symbol/css/symbol4c56.css]
[www.mindvalley.com/blog/wp-content/themes/presso/framework/swipebox/swipebox4c56.css]
[www.mindvalley.com/blog/wp-content/themes/presso/framework/bootstrap/css/bootstrap4c56.css]
[www.mindvalley.com/blog/wp-includes/js/jquery/jqueryb8ff.js]
[www.mindvalley.com/blog/wp-content/themes/presso/css/theme4c56.css]
[www.mindvalley.com/blog/wp-includes/js/jquery/jquery-migrate.min330a.js]
[www.mindvalley.com/blog/wp-content/plugins/duracelltomi-google-tag-manager/js/gtm4wp-form-move-tracker62ea.js]
[www.mindvalley.com/blog/wp-content/themes/presso/framework/instant-search/instant-search4c56.js]
[www.mindvalley.com/blog/xmlrpc.560db0.delayed]
[www.mindvalley.com/blog/wp-json/index.html]
[www.mindvalley.com/blog/wp-includes/wlwmanifest.xml]
[connect.facebook.net/en_GB/sdk.js]
[www.mindvalley.com/blog/wp-content/uploads/2015/09/mindvalley.png]
[www.mindvalley.com/blog/category/announcements/index.html]
[www.mindvalley.com/blog/category/customerlove/index.html]
[www.mindvalley.com/blog/category/culture-2/index.html]
[www.mindvalley.com/blog/wp-content/uploads/2016/08/Screen-Shot-2016-08-21-at-9.44.38-PM-265x147.png]
[www.mindvalley.com/blog/category/vishen-lakhiani/index.html]
[www.mindvalley.com/blog/wp-content/uploads/2016/07/Afest-Facbook-Cancun-2016_3-1024x378-1-265x147.jpg]
[www.mindvalley.com/blog/category/entrepreneurship/index.html]
[www.mindvalley.com/blog/wp-content/uploads/2016/08/A-Fest-Aftermovie-Mykonos-Greece-2016-265x147.png]
[www.mindvalley.com/blog/announcements/behind-scenes-mindvalley-christmas/index.html]
[www.mindvalley.com/blog/wp-content/uploads/2016/05/cover-image-vishen-265x147.jpg]
[www.mindvalley.com/blog/announcements/afest-2016-mexico-theme/index.html]
[www.mindvalley.com/blog/wp-content/uploads/2016/08/Screen-Shot-2016-08-21-at-9.44.38-PM-360x200.png]
[www.mindvalley.com/blog/wp-content/uploads/2016/12/Mindvalley-Christmas-360x200.png]
[www.mindvalley.com/blog/author/ariel/index.html]
[www.mindvalley.com/blog/awesomeness-fest/aftermovie-afest-greece-2016/index.html]
[www.mindvalley.com/blog/announcements/afest-west2016/index.html]
[www.mindvalley.com/blog/wp-content/uploads/2016/05/cover-image-vishen-360x200.jpg]
[www.mindvalley.com/blog/announcements/8334/index.html]
[www.mindvalley.com/blog/wp-content/uploads/2016/08/A-Fest-Aftermovie-Mykonos-Greece-2016-360x200.png]
[www.mindvalley.com/blog/author/admin/index.html]
[www.mindvalley.com/blog/wp-content/uploads/2015/09/MVHQ29e-360x200.jpg]
[www.mindvalley.com/blog/wp-content/uploads/2015/11/Screen-Shot-2015-11-04-at-12.30.30-360x200.png]
[www.mindvalley.com/blog/author/karina/index.html]
[www.mindvalley.com/blog/category/awesomeness-fest/index.html]
[www.mindvalley.com/blog/category/events/index.html]
[www.mindvalley.com/blog/wp-content/uploads/2016/12/Mindvalley-Christmas.png]
[www.mindvalley.com/blog/category/mindvalley/index.html]
[www.mindvalley.com/blog/wp-content/uploads/2016/01/afest-750x420.jpg]
[www.mindvalley.com/blog/category/blog/index.html]
[www.mindvalley.com/blog/wp-content/uploads/2015/12/xmasvid-750x420.jpg]
[www.mindvalley.com/blog/category/history/index.html]
[s7.addthis.com/js/300/addthis_widget.js]
[www.mindvalley.com/blog/awesomeness-fest/10anniversary/index.html]
[www.mindvalley.com/affiliates.html]
[www.mindvalley.com/blog/entrepreneurship/vishen-lakhiani-at-wild-digital-2015-southeast-asias-premier-digital-conference/index.html]
[www.mindvalley.com/blog/author/tania/index.html]
[www.mindvalley.com/careers.html]
[www.mindvalley.com/blog/announcements/a-peek-behind-mindvalley-hqs-workspace-design/index.html]
[www.mindvalley.com/blog/entrepreneurship/vishen-lakhiani-how-to-attract-brilliant-talent/index.html]
[www.mindvalley.com/terms-of-use.html]
[www.mindvalley.com/blog/wp-content/uploads/2016/12/Mindvalley-Christmas-750x420.png]
[www.mindvalley.com/privacy-policy.html]
[www.mindvalley.com/blog/announcements/mindvalley-founder-and-xprize-innovation-board-member-vishen-lakhiani-part-of-winning-team-at-xprize-visioneering-2015/index.html]
[connect.facebook.net/en_US/sdk.js]
[www.mindvalley.com/blog/awesomeness-fest/costa-rica-after-movie/index.html]
[www.mindvalley.com/blog/wp-includes/js/comment-reply.minfe9d.js]
[www.mindvalley.com/blog/mindvalley/christmas-video-mindvalley/index.html]
[www.mindvalley.com/blog/wp-content/plugins/instagram-feed/js/sb-instagram.min370e.js]
[www.mindvalley.com/blog/wp-includes/js/jquery/ui/effect.mine899.js]
[www.mindvalley.com/blog/wp-includes/js/jquery/ui/effect-fade.mine899.js]
[www.mindvalley.com/blog/wp-content/themes/presso/js/jquery.fitvids4c56.js]
[www.mindvalley.com/blog/wp-content/themes/presso/js/jquery.isotope.min4c56.js]
[www.mindvalley.com/blog/wp-content/themes/presso/framework/flexslider/jquery.flexslider4c56.js]
[www.mindvalley.com/blog/wp-content/uploads/2015/06/viswinners_2015_slide_2560x1160-edited.jpg]
[www.mindvalley.com/blog/wp-content/themes/presso/framework/swipebox/jquery.swipebox.min4c56.js]
[www.mindvalley.com/blog/wp-content/themes/presso/js/asset4c56.js]
[www.mindvalley.com/blog/wp-content/themes/presso/js/main4c56.js]
[www.mindvalley.com/blog/wp-content/uploads/2015/08/Vishen-Culture-YT-Thumbnail.png]
[www.mindvalley.com/blog/wp-includes/js/wp-embed.minfe9d.js]
[www.mindvalley.com/blog/index.html]
[www.mindvalley.com/support.html]
[www.mindvalley.com/contact.html]
[www.mindvalley.com/affiliates-2.html]
[www.mindvalley.com/css/inner.css]
[www.mindvalley.com/css/animate.css]
[www.mindvalley.com/imgs/logos/2016_9Years.png]
[www.mindvalley.com/imgs/mva-1600x800.jpg]
[www.mindvalley.com/imgs/Meeting-in-HoA_1.jpg]
[www.mindvalley.com/imgs/logos/Forbes-Logo.png]
[www.mindvalley.com/imgs/logos/Inc.-Logo.png]
[www.mindvalley.com/imgs/MV_Team.jpg]
[www.mindvalley.com/about.html]
[www.mindvalley.com/imgs/logos/BBC-Logo.png]
[www.mindvalley.com/imgs/slides/intro.webm]
[www.mindvalley.com/imgs/slides/intro.ogv]
[www.mindvalley.com/imgs/logos/GPTW-Logo-2015.png]
[www.mindvalley.com/css/slider-css.css]
[www.mindvalley.com/js/slider.js]
[www.mindvalley.com/imgs/logos/THP-logo.png]
[www.mindvalley.com/imgs/inner/branson.jpg]
[www.mindvalley.com/imgs/coa.jpg]
[www.mindvalley.com/imgs/inner/steam_2.jpg]
[www.mindvalley.com/imgs/inner/steam_1.jpg]
[www.mindvalley.com/imgs/inner/29th.jpg]
[www.mindvalley.com/imgs/inner/29th_hoa.jpg]
[www.mindvalley.com/imgs/inner/kitchen_29th.jpg]
[www.mindvalley.com/imgs/inner/steam_3.jpg]
[www.mindvalley.com/culture.html]
[www.mindvalley.com/imgs/inner/kitchen_23a.jpg]
[www.mindvalley.com/imgs/inner/Vishen_2015.jpg]
[www.mindvalley.com/imgs/inner/Vishen_XPrize.jpg]
[www.mindvalley.com/imgs/Vishen_Book_1.png]
[www.mindvalley.com/imgs/ce.png]
[www.mindvalley.com/vishen.html]
[www.mindvalley.com/extraordinary.html]
[www.mindvalley.com/book.html]
[www.mindvalley.com/js/wow.min.js]
[www.mindvalley.com/imgs/bl.png]
[www.mindvalley.com/imgs/team/ajit.jpg]
[www.mindvalley.com/imgs/team/vishen.jpg]
[www.mindvalley.com/imgs/team/veena.jpg]
[www.mindvalley.com/imgs/team/kristina.jpg]
[www.mindvalley.com/imgs/team/ezekiel.jpg]
[www.mindvalley.com/imgs/team/kshitij.jpg]
[www.mindvalley.com/imgs/team/gareth.jpg]
[www.mindvalley.com/imgs/team/sid.jpg]
[www.mindvalley.com/imgs/team/hannah.jpg]
[www.mindvalley.com/imgs/team/troy.jpg]
[www.mindvalley.com/imgs/team/eric.jpg]
[www.mindvalley.com/imgs/team/klemen.jpg]
[www.mindvalley.com/imgs/team/kadi.jpg]
[www.mindvalley.com/imgs/team/karina.jpg]
[www.mindvalley.com/imgs/team/diana.jpg]
[www.mindvalley.com/imgs/team/cecilia.jpg]
[www.mindvalley.com/imgs/team/carl.jpg]
[www.mindvalley.com/imgs/team/asha.jpg]
[www.mindvalley.com/imgs/team/jason.jpg]
[www.mindvalley.com/imgs/team/ariel.jpg]
[www.mindvalley.com/imgs/team/brett.jpg]
[www.mindvalley.com/team.html]
[www.mindvalley.com/imgs/team/marta.jpg]
[www.mindvalley.com/imgs/misc/mv_preloader.svg]
[www.mindvalley.com/imgs/misc/mindvalley.svg]
[www.mindvalley.com/imgs/mindvalley.svg]
[www.mindvalley.com/imgs/misc/social_icons.svg]
[www.mindvalley.com/imgs/team/luxanne.jpg]
[www.mindvalley.com/imgs/team/ainur.jpg]
[www.mindvalley.com/mva.html]
[www.mindvalley.com/imgs/Omvana-1600x800.jpg]
[www.mindvalley.com/imgs/zw.png]
[www.mindvalley.com/appsandplatforms.html]
[www.mindvalley.com/imgs/inner/event_1.jpg]
[www.mindvalley.com/imgs/Tribelearn-1600x800.jpg]
[www.mindvalley.com/imgs/sv.png]
[www.mindvalley.com/imgs/inner/event_2.jpg]
[www.mindvalley.com/events.html]
[www.mindvalley.com/imgs/inner/event_4.jpg]
[www.mindvalley.com/imgs/inner/event_3.jpg]
[www.mindvalley.com/imgs/MVR-1600x800.jpg]
[www.mindvalley.com/international.html]
[www.mindvalley.com/blog/xmlrpc.html]
[www.mindvalley.com/blog/wp-content/plugins/digg-digg/image/ajax-loader.gif]
[www.mindvalley.com/blog/wp-content/plugins/digg-digg/image/delicious.png]
[www.mindvalley.com/blog/wp-content/plugins/digg-digg/image/delicious-compact.png]
[www.mindvalley.com/blog/wp-content/plugins/digg-digg/image/comments-link.png]
[www.mindvalley.com/blog/wp-content/plugins/digg-digg/image/comments-count.png]
[www.mindvalley.com/blog/wp-content/plugins/digg-digg/image/email.png]
[www.mindvalley.com/blog/wp-content/plugins/digg-digg/image/print.png]
[www.mindvalley.com/blog/wp-content/plugins/digg-digg/css/diggdigg-style48f5.css]
[www.mindvalley.com/blog/wp-content/plugins/instagram-feed/img/loader.png]
[www.mindvalley.com/blog/wp-content/plugins/instagram-feed/css/sb-instagram.min370e.css]
[maxcdn.bootstrapcdn.com/font-awesome/4.2.0/css/font-awesome.minae82.css]
[www.mindvalley.com/blog/index2cf0.html]
[www.mindvalley.com/blog/wp-content/plugins/woodojo/bundled/woodojo-social-widgets/assets/css/stylefe9d.css]
[www.mindvalley.com/blog/wp-content/themes/presso/framework/flexslider/images/bg_direction_nav_custom.png]
[www.mindvalley.com/blog/wp-content/themes/presso/framework/flexslider/images/bg_direction_nav_custom@2x.png]
[www.mindvalley.com/blog/wp-content/themes/presso/framework/flexslider/flexslider-custom4c56.css]
[www.mindvalley.com/blog/wp-content/themes/presso/framework/font-icons/social-icons/font/zociala2a1.eot]
[www.mindvalley.com/blog/wp-content/themes/presso/framework/font-icons/social-icons/font/zociala2a1.woff]
[www.mindvalley.com/blog/wp-content/themes/presso/framework/font-icons/social-icons/font/zociala2a1.ttf]
[www.mindvalley.com/imgs/TBL-1600x800-2.jpg]
[www.mindvalley.com/blog/wp-content/themes/presso/framework/font-icons/social-icons/font/zociala2a1.svg]
[www.mindvalley.com/blog/wp-content/themes/presso/framework/font-icons/social-icons/css/zocial4c56.css]
[www.mindvalley.com/blog/wp-content/themes/presso/framework/font-icons/entypo/font/entypo2557.eot]
[www.mindvalley.com/blog/wp-content/themes/presso/framework/font-icons/entypo/font/entypo2557.woff]
[www.mindvalley.com/blog/wp-content/themes/presso/framework/font-icons/entypo/font/entypo2557.ttf]
[www.mindvalley.com/blog/wp-content/themes/presso/framework/font-icons/entypo/font/entypo2557.svg]
[www.mindvalley.com/blog/wp-content/themes/presso/framework/font-icons/entypo/css/entypo4c56.css]
[www.mindvalley.com/blog/wp-content/themes/presso/framework/font-icons/symbol/font/symbola368.eot]
[www.mindvalley.com/blog/wp-content/themes/presso/framework/font-icons/symbol/font/symbola368.woff]
[www.mindvalley.com/imgs/MVI-1600x800-1.jpg]
[www.mindvalley.com/blog/wp-content/themes/presso/framework/font-icons/symbol/font/symbola368.ttf]
[www.mindvalley.com/blog/wp-content/themes/presso/framework/font-icons/symbol/css/symbol4c56.css]
[www.mindvalley.com/blog/wp-content/themes/presso/framework/font-icons/symbol/font/symbola368.svg]
[www.mindvalley.com/blog/wp-content/themes/presso/framework/swipebox/img/loader.gif]
[www.mindvalley.com/blog/wp-content/themes/presso/framework/swipebox/swipebox4c56.css]
[www.mindvalley.com/blog/wp-content/themes/presso/framework/bootstrap/css/bootstrap4c56.css]
[www.mindvalley.com/blog/wp-content/themes/presso/framework/swipebox/img/icons.png]
[www.mindvalley.com/blog/wp-content/themes/presso/img/carousel-nav-prev.png]
[www.mindvalley.com/blog/wp-content/themes/presso/img/carousel-nav-next.png]
[www.mindvalley.com/blog/wp-content/themes/presso/img/list-image.png]
[www.mindvalley.com/blog/wp-content/themes/presso/img/black-fade-left.png]
[www.mindvalley.com/blog/wp-content/themes/presso/img/icon-play.png]
[www.mindvalley.com/blog/wp-content/themes/presso/img/carousel-nav-prev@2x.png]
[www.mindvalley.com/blog/wp-content/themes/presso/css/theme4c56.css]
[www.mindvalley.com/blog/xmlrpc0db0.html]
[www.mindvalley.com/blog/wp-json/oembed/1.0/embeda0ea.json]
[www.mindvalley.com/blog/wp-json/oembed/1.0/embed613a.json]
[www.mindvalley.com/blog/wp-content/themes/presso/img/carousel-nav-next@2x.png]
[www.mindvalley.com/blog/wp-content/themes/presso/img/icon-play@2x.png]
[www.mindvalley.com/blog/ABCDEFGHIJKLMNOPQRSTUVWXYZabcdefghijklmnopqrstuvwxyz0123456789+/index.html]
[connect.facebook.net/en_GB/sdk.js]
[www.mindvalley.com/blog/dialog/index.html]
[www.mindvalley.com/blog/category/announcements/feed/index.html]
[www.mindvalley.com/blog/category/announcements/page/2/index.html]
[www.mindvalley.com/blog/wp-content/uploads/2016/07/Afest-Facbook-Cancun-2016_3-1024x378-1.jpg]
[www.mindvalley.com/blog/wp-content/uploads/2015/09/MVHQ29e-1140x641.jpg]
[www.mindvalley.com/blog/wp-content/uploads/2016/07/Afest-Facbook-Cancun-2016_3-1024x378-1-360x200.jpg]
[www.mindvalley.com/blog/wp-content/uploads/2016/05/cover-image-vishen-1140x641.jpg]
[www.mindvalley.com/blog/announcements/mindvalley-academy-2016/index.html]
[www.mindvalley.com/blog/wp-content/uploads/2015/12/Elula-Collection-360x200.jpg]
[www.mindvalley.com/blog/author/vishen/index.html]
[www.mindvalley.com/blog/wp-content/uploads/2015/08/soulvana-logo-jpeg.jpg]
[www.mindvalley.com/blog/announcements/a-new-movement-in-spirituality-introducing-soulvana-a-school-for-the-soul/index.html]
[www.mindvalley.com/blog/wp-content/uploads/2016/08/Screen-Shot-2016-08-21-at-9.44.38-PM.png]
[www.mindvalley.com/blog/category/soulvana/index.html]
[www.mindvalley.com/blog/wp-content/uploads/2015/10/Mindvalley-Indian-Culture-Day-2015-165x75.jpg]
[www.mindvalley.com/blog/announcements/awesomeness-fest-goes-back-to-where-it-all-began/index.html]
[www.mindvalley.com/blog/wp-content/uploads/2015/09/MVHQ29e-165x75.jpg]
[www.mindvalley.com/blog/announcements/scam-warning-mindvalley/index.html]
[www.mindvalley.com/blog/wp-content/uploads/2016/12/Mindvalley-Christmas-165x75.png]
[www.mindvalley.com/blog/author/alexey/index.html]
[www.mindvalley.com/blog/wp-content/uploads/2014/11/Avi-Francesca-Pool.jpg]
[www.mindvalley.com/blog/category/announcements/page/3/index.html]
[www.mindvalley.com/blog/wp-content/uploads/2015/07/Costa-Rica1.jpg]
[www.mindvalley.com/blog/category/announcements/page/7/index.html]
[www.mindvalley.com/blog/category/announcements/index.html]
[www.mindvalley.com/blog/culture-2/mindvalley-celebrated-its-indian-culture-day-in-style-music-video/index.html]
[www.mindvalley.com/blog/customerlove/motherhood-transformed-customer-support-centre-costa-rica/index.html]
[www.mindvalley.com/blog/category/customerlove/index.html]
[www.mindvalley.com/blog/customerlove/the-2014-loveweek-wrap-up/index.html]
[www.mindvalley.com/blog/category/culture-2/feed/index.html]
[www.mindvalley.com/blog/category/culture-2/page/2/index.html]
[www.mindvalley.com/blog/wp-content/uploads/2015/11/Screen-Shot-2015-11-04-at-12.30.30-165x75.png]
[www.mindvalley.com/blog/category/culture-2/index.html]
[www.mindvalley.com/blog/category/vishen-lakhiani/index.html]
[www.mindvalley.com/blog/category/entrepreneurship/index.html]
[www.mindvalley.com/blog/announcements/behind-scenes-mindvalley-christmas/index.html]
[www.mindvalley.com/blog/announcements/afest-2016-mexico-theme/index.html]
[www.mindvalley.com/blog/author/ariel/index.html]
[www.mindvalley.com/blog/awesomeness-fest/aftermovie-afest-greece-2016/index.html]
[www.mindvalley.com/blog/announcements/afest-west2016/index.html]
[www.mindvalley.com/blog/announcements/8334/index.html]
[www.mindvalley.com/blog/author/admin/index.html]
[www.mindvalley.com/blog/author/karina/index.html]
[www.mindvalley.com/blog/category/awesomeness-fest/index.html]
[www.mindvalley.com/blog/category/events/index.html]
[www.mindvalley.com/blog/category/mindvalley/index.html]
[www.mindvalley.com/blog/category/blog/index.html]
[www.mindvalley.com/blog/category/history/index.html]
[www.mindvalley.com/blog/awesomeness-fest/10anniversary/index.html]
[www.mindvalley.com/blog/entrepreneurship/vishen-lakhiani-at-wild-digital-2015-southeast-asias-premier-digital-conference/index.html]
[www.mindvalley.com/blog/author/tania/index.html]
[www.mindvalley.com/blog/announcements/a-peek-behind-mindvalley-hqs-workspace-design/index.html]
[www.mindvalley.com/blog/entrepreneurship/vishen-lakhiani-how-to-attract-brilliant-talent/index.html]
[www.mindvalley.com/blog/announcements/mindvalley-founder-and-xprize-innovation-board-member-vishen-lakhiani-part-of-winning-team-at-xprize-visioneering-2015/index.html]
[www.mindvalley.com/blog/awesomeness-fest/costa-rica-after-movie/index.html]
[www.mindvalley.com/blog/mindvalley/christmas-video-mindvalley/index.html]
[www.mindvalley.com/affiliates.html]
[www.mindvalley.com/careers.html]
[www.mindvalley.com/terms-of-use.html]
[www.mindvalley.com/privacy-policy.html]
[connect.facebook.net/en_US/sdk.js]
[www.mindvalley.com/support.html]
[www.mindvalley.com/affiliates-2.html]
[www.mindvalley.com/css/inner.css]
[www.mindvalley.com/css/animate.css]
[www.mindvalley.com/css/slider-css.css]
[www.mindvalley.com/extraordinary.html]
[www.mindvalley.com/blog/wp-content/themes/presso/framework/font-icons/social-icons/font/zociala2a1.svg]
[www.mindvalley.com/blog/wp-content/themes/presso/framework/font-icons/entypo/font/entypo2557.svg]
[www.mindvalley.com/blog/wp-content/themes/presso/framework/font-icons/symbol/font/symbola368.svg]
[www.mindvalley.com/blog/ABCDEFGHIJKLMNOPQRSTUVWXYZabcdefghijklmnopqrstuvwxyz0123456789+/index.html]
[www.mindvalley.com/blog/dialog/index.html]
[www.mindvalley.com/blog/%s/profile4d6d.html]
[www.mindvalley.com/blog/category/announcements/page/2/index.html]
[www.mindvalley.com/blog/announcements/mindvalley-academy-2016/index.html]
[www.mindvalley.com/blog/author/vishen/index.html]
[www.mindvalley.com/blog/announcements/a-new-movement-in-spirituality-introducing-soulvana-a-school-for-the-soul/index.html]
[www.mindvalley.com/blog/category/soulvana/index.html]
[www.mindvalley.com/blog/announcements/awesomeness-fest-goes-back-to-where-it-all-began/index.html]
[www.mindvalley.com/blog/announcements/scam-warning-mindvalley/index.html]
[www.mindvalley.com/blog/author/alexey/index.html]
[www.mindvalley.com/blog/category/announcements/page/3/index.html]
[www.mindvalley.com/blog/category/announcements/page/7/index.html]
[www.mindvalley.com/blog/culture-2/mindvalley-celebrated-its-indian-culture-day-in-style-music-video/index.html]
[www.mindvalley.com/blog/customerlove/motherhood-transformed-customer-support-centre-costa-rica/index.html]
[www.mindvalley.com/blog/customerlove/the-2014-loveweek-wrap-up/index.html]
[www.mindvalley.com/blog/category/culture-2/page/2/index.html]
[www.mindvalley.com/blog/wp-content/uploads/2015/10/Mindvalley-Indian-Culture-Day-2015-1140x641.jpg]
[www.mindvalley.com/blog/mindvalley/a-time-for-spiritual-reflection-and-gratitude/index.html]
[www.mindvalley.com/blog/wp-content/uploads/2015/07/Ramadan-Sara.html]
[www.mindvalley.com/imgs/slides/intro.webm]
